n/Zoom-virtual-backgrounds-1024x512.jpg
n/zoom-bg.jpg
n/zoom-backgrounds-banner.png
n/ZBMWka.jpg
n/youtubemp3story-800x534.jpg
n/youtube-video-background-joomla-800x400.png
n/youtube-studio-setup-4451.jpg
n/YouTube-setup.jpg
n/youtube-for-beginners-how-to-set-up-your-channel-5e4eb8c3ef300.png
n/YouTube-channel-cover-image.jpg
n/youtube-channel-art-940x470-1280x720.jpg
n/year-one-home-office-setup-e1592852411349-1066x800.jpg
n/WHPW6TBLKNBQHILXAN4PLDX6CU.jpg
n/what-is-highly-sensitive-person-meaning.jpg
n/wework-ideas-science-of-space-resized-1120x630.jpg
n/west-elm-dumbo-design-crew-crown-heights-apartment-39.jpg
n/wellbeing-woman-sitting-in-sunny-field.jpg
n/wallpaper2you_521389.jpg
n/Waiting-for-friends-1200-x-480.png
n/vlogging-setup.jpg
n/vlogger-smiling-yellow-seamless-paper-backdrop.jpg
n/virtual-backgrounds.jpg
n/virat-kohli-bags-peta-indias-person-of-the-year-for-2019-award.jpg
n/video-editing.jpg
n/video-background-study-with-jess-1024x548.png
n/video-background-backdrop-in-office-1024x542.png
n/video-background-backdrop-by-wistia-paper-backdrop.png
n/vector-computer-display-office-elements-260nw-1194790861.jpg
n/vector-cartoon-illustration-bright-office-modern-workplace-with-transparent-glass-wall-tile_33099-1195.jpg
n/upgrade-your-livework-situation-with-these-creative-home-office-designs-that-suit-a-variety-of-needs.jpg
n/Untitled-design-2-4-800x450.png
n/tweak-gives-you-free-youtube-premium-features-your-iphone-for-nothing-including-background-playback.1280x600.jpg
n/tr_88bba9e3-d19d-4ea9-ba40-11a1e7ebff4e_787223_3_elsie_userview_1-1-1030x773.jpg
n/trumps-allies-have-been-attacking-the-person-they-2-1901-1573245212-0_dblbig.jpg
n/trumpgreta.jpg
n/trump-thunberg.jpg
n/Top-6-Best-Equipment-for-a-Professional-Home-Studio-for-YouTube_Video-2019-paper-backdrops.jpg
n/top-5-lighting-setups-for-vloggers-FilterGrade.jpg
n/Top-10-Best-Video-Studio-Setup-Products-For-YouTube.jpg
n/time-persons-of-the-year-1.jpg
n/three-point-lighting.jpg
n/thomas-house-soda-office-interior-design-2018-roundup-_dezeen_1704_ss_6-852x609.jpg
n/thispersondoesnotexist-1-1022x1024.jpg
n/This-is-not-a-person-2-1.jpeg
n/the20office20zoom20background.jpg
n/the-office-1024x576.jpg
n/The-Arch-Studio-Pune-4.jpg
n/terry-crews-person-of-year-2017-time-magazine-facebook-1.jpg
n/terry-crews-person-of-year-2017-time-magazine-2.jpg
n/TELEMMGLPICT000147365976_trans_NvBQzQNjv4Bq3XmyF3YIL3K1caQxZsZv2Ssm-UOV8_Q90I8_c5Af0yY.jpeg
n/telecommuting-desk-for-home-office1583446169576262.jpg
n/Teamwork-2-1920.jpg
n/teamsBackgroundContemporaryOffice01.png
n/tdy_news_time_poty_greta_191211_1920x1080.focal-760x428.jpg
n/symphony-partition-for-reception-area-comfort-furniture.jpg
n/successful-black-blogger-woman.jpg
n/stunning-small-home-office-design-ideas-that-Inspire-3.jpg
n/study.jpg
n/StudioPRO-Video-Studio-Background-Backdrop-List.jpg
n/streaming-setup-e1577052354866.jpeg
n/spectrum-aurora-ring-light-beauty-vlogger-lighting-setup.jpg
n/Sound-Effects-and-Background-Music-for-YouTube-Videos.jpg
n/Smart-Office-Design-1-thegem-blog-default.jpg
n/Smart-Dubai-Office-Feature.jpg
n/small-office-interior-design-250x250.jpg
n/sm3.jpg
n/slide-3.jpg
n/slide-1-2.jpg
n/shutterstock_670450231.jpg
n/shutterstock_648907024.jpg
n/shutterstock_1377071006-1.jpg
n/setup-wars-youtuber-edition-episode-6.jpg
n/setup-wars-youtuber-edition-episode-14.jpg
n/setup-wars-youtuber-edition-episode-11.jpg
n/Sensyst-the-business-interiors-group-millenial.png
n/send-money-in-person-from-jamaica-resp.png
n/Screen-Shot-2018-04-26-at-11.13.55-am.jpg
n/Satya-Nadella.jpg
n/San20Diego20SmithGroup20Office.jpg
n/rose-mcgowan-person-of-year-2017-time-magazine-2.jpg
n/RoomSketcher-Office-Design-Software-3D-Photo-800x600.jpg
n/ring-light-vlogging-3Top_5_Best_Lighting_Equipment_For_YouTube_Videos__copy.jpg
n/reserved-person.jpg
n/Red20Sofa20Set20And20White20Background20in20Waiting20Room.jpg
n/record-background-24.jpg
n/product-jpeg-500x500.jpg
n/problems-around-office-design-and-how-to-fix-them-3_2640x1980_acf_cropped-880x660.jpg
n/power20couple20home20office.jpg
n/Pierre-Person.jpg
n/photo_camera_grey600_24dp.png
n/pg-backdrop-stock.jpg
n/pexels-photo-459947.jpg
n/pexels-photo-1918291.jpeg
n/pexels-photo-1412136.jpeg
n/PewDiePie-Razer-Kraken-Pro-V2-10.jpg
n/person_sample_4.jpg
n/personofinterest_coverimg.png.2017-03-08T1121331300.jpg
n/person0.jpg
n/person.jpg
n/Person-of-the-year-reader-poll-results.jpg
n/Person-of-Interest-Season-5-Finale.jpg
n/person-icon-6-founders-kitchen-bath-icon-person-3724_2400.png
n/person-donald-900x1080.jpg
n/person-3.jpeg
n/person-1.jpg
n/paper_or_office_background.jpg
n/p-1-greta-thunberg-was-just-named-time-magazines-2019-person-of-the-year.jpg
n/open-office-compressor.jpg
n/Old-woman-777x437.jpg
n/office_design_1138024382-1080x627.jpg
n/office_design.jpg
n/OfficeDesignforProductivity.png
n/OfficeDesign.jpg
n/office-space-planning-with-partitions-for-a-bright-workplace-1-1500x1000.jpg
n/Office-Space-Photo-Zoom-Virtual-Background.png
n/office-space-700x350.jpg
n/office-setup.png
n/office-minimalist-white-laptop-corner-desk-surripuinet_office-decoration-701x451.jpg
n/Office-design.jpeg
n/office-design-trends.jpg
n/office-design-trends-3-1024x574.jpg
n/office-design-trends-2020-trendy-coworking-space-1024x683.jpg
n/Office-design-trends-2018-2019-824x470.jpg
n/Office-design-open-space.jpeg
n/Office-Design-Malaysia-1-1024x576.jpg
n/office-design-for-wellness.jpg
n/Office-Design-740x431.jpg
n/Office-design-5.jpg
n/office-decor-scaled.jpg
n/office-background-design_1300-381.jpg
n/Northern-Trust-Offices-by-Space-Matrix-Design-Consultants-01-780x520.png
n/NONAGON-style-n9s-Olga-Koshcheeva-office-work-space-desk-wood-art-pink-cream-neutral-window-contemporary-feminine-carpet.jpg
n/my-setup.jpg
n/morgan-lovell-AMCNetworks-soft-seating.jpg.jpg
n/modus-workspace-alphafx-breakout-area-2.jpg
n/modern-office-setup-background-vector-flat-illustration.png
n/modern-office-library-boyddesign-malibu-california-201106_1000-watermarked.jpg
n/modern-office-design-airbnb-office-by-gensler.jpg
n/Modern-Home-Office-Ideas.png
n/Modern-Executive-Office-Design-1.jpg
n/Modern-Executive-Office-Design-1.1545164774.8282.jpg
n/Mobile-Live-Cam-Podcast-Setup.jpg
n/Microsoft-Teams-Background-Image.jpg
n/meeting-rooms-office-design.jpg
n/maxresdefault9.jpg
n/maxresdefault8.jpg
n/maxresdefault7.jpg
n/maxresdefault6.jpg
n/maxresdefault5.jpg
n/maxresdefault4.jpg
n/maxresdefault3.jpg
n/maxresdefault2.jpg
n/maxresdefault1.jpg
n/maxresdefault0.jpg
n/maxresdefault.jpg
n/manulife-offices-singapore-9-700x523.jpg
n/Making-video-setup-1024x651.jpg
n/MakeOffice_7.jpg
n/lounge-area-microsoft-moder-office-interior-design.jpg
n/lighting-setup-for-youtube-videos.jpg
n/Lighting-for-YouTube_2.12.1.jpg
n/Lighting-for-YouTube_1.55.1.jpg
n/Lighting-FIlming-Tips-Beauty-Youtubers-1.jpg
n/Lighting-Filming-Tips-Beauty-Youtuber-2.jpg
n/Kuba-Jakubiec.jpg
n/KMn7d0.jpg
n/keanu-reeves-person-of-the-year-karwai-tang-getty.jpg
n/julian-castro-sergio-floresbloomberg-via-getty-images-square.jpg
n/joaquin-phoenix-recently-appeared-in-petas-we-are-all-animals-billboards-in-times-square-and-on-sunset-billboard-as-he-promoted-legislation-to-ban-travelling-wild-animal-circuses-.jpg
n/iStock-854061616.jpg
n/is-your-home-office-set-up-for-success_57493c78d7087fc2ce637f59bb95dfc4.jpg
n/IMG-20190208-WA0002.jpg
n/images99.jpg
n/images98.jpg
n/images97.jpg
n/images96.jpg
n/images95.jpg
n/images94.jpg
n/images93.jpg
n/images92.jpg
n/images91.jpg
n/images907.jpg
n/images906.jpg
n/images905.jpg
n/images904.jpg
n/images903.jpg
n/images902.jpg
n/images901.jpg
n/images900.jpg
n/images90.jpg
n/images9.jpg
n/images899.jpg
n/images898.jpg
n/images897.jpg
n/images896.jpg
n/images895.jpg
n/images894.jpg
n/images893.jpg
n/images892.jpg
n/images891.jpg
n/images890.jpg
n/images89.jpg
n/images889.jpg
n/images888.jpg
n/images887.jpg
n/images886.jpg
n/images885.jpg
n/images884.jpg
n/images883.jpg
n/images882.jpg
n/images881.jpg
n/images880.jpg
n/images88.jpg
n/images879.jpg
n/images878.jpg
n/images877.jpg
n/images876.jpg
n/images875.jpg
n/images874.jpg
n/images873.jpg
n/images872.jpg
n/images871.jpg
n/images870.jpg
n/images87.jpg
n/images869.jpg
n/images868.jpg
n/images867.jpg
n/images866.jpg
n/images865.jpg
n/images864.jpg
n/images863.jpg
n/images862.jpg
n/images861.jpg
n/images860.jpg
n/images86.jpg
n/images859.jpg
n/images858.jpg
n/images857.jpg
n/images856.jpg
n/images855.jpg
n/images854.jpg
n/images853.jpg
n/images852.jpg
n/images851.jpg
n/images850.jpg
n/images85.jpg
n/images849.jpg
n/images848.jpg
n/images847.jpg
n/images846.jpg
n/images845.jpg
n/images844.jpg
n/images843.jpg
n/images842.jpg
n/images841.jpg
n/images840.jpg
n/images84.jpg
n/images839.jpg
n/images838.jpg
n/images837.jpg
n/images836.jpg
n/images835.jpg
n/images834.jpg
n/images833.jpg
n/images832.jpg
n/images831.jpg
n/images830.jpg
n/images83.jpg
n/images829.jpg
n/images828.jpg
n/images827.jpg
n/images826.jpg
n/images825.jpg
n/images824.jpg
n/images823.jpg
n/images822.jpg
n/images821.jpg
n/images820.jpg
n/images82.jpg
n/images819.jpg
n/images818.jpg
n/images817.jpg
n/images816.jpg
n/images815.jpg
n/images814.jpg
n/images813.jpg
n/images812.jpg
n/images811.jpg
n/images810.jpg
n/images81.jpg
n/images809.jpg
n/images808.jpg
n/images807.jpg
n/images806.jpg
n/images805.jpg
n/images804.jpg
n/images803.jpg
n/images802.jpg
n/images801.jpg
n/images800.jpg
n/images80.jpg
n/images8.jpg
n/images799.jpg
n/images798.jpg
n/images797.jpg
n/images796.jpg
n/images795.jpg
n/images794.jpg
n/images793.jpg
n/images792.jpg
n/images791.jpg
n/images790.jpg
n/images79.jpg
n/images789.jpg
n/images788.jpg
n/images787.jpg
n/images786.jpg
n/images785.jpg
n/images784.jpg
n/images783.jpg
n/images782.jpg
n/images781.jpg
n/images780.jpg
n/images78.jpg
n/images779.jpg
n/images778.jpg
n/images777.jpg
n/images776.jpg
n/images775.jpg
n/images774.jpg
n/images773.jpg
n/images772.jpg
n/images771.jpg
n/images770.jpg
n/images77.jpg
n/images769.jpg
n/images768.jpg
n/images767.jpg
n/images766.jpg
n/images765.jpg
n/images764.jpg
n/images763.jpg
n/images762.jpg
n/images761.jpg
n/images760.jpg
n/images76.jpg
n/images759.jpg
n/images758.jpg
n/images757.jpg
n/images756.jpg
n/images755.jpg
n/images754.jpg
n/images753.jpg
n/images752.jpg
n/images751.jpg
n/images750.jpg
n/images75.jpg
n/images749.jpg
n/images748.jpg
n/images747.jpg
n/images746.jpg
n/images745.jpg
n/images744.jpg
n/images743.jpg
n/images742.jpg
n/images741.jpg
n/images740.jpg
n/images74.jpg
n/images739.jpg
n/images738.jpg
n/images737.jpg
n/images736.jpg
n/images735.jpg
n/images734.jpg
n/images733.jpg
n/images732.jpg
n/images731.jpg
n/images730.jpg
n/images73.jpg
n/images729.jpg
n/images728.jpg
n/images727.jpg
n/images726.jpg
n/images725.jpg
n/images724.jpg
n/images723.jpg
n/images722.jpg
n/images721.jpg
n/images720.jpg
n/images72.jpg
n/images719.jpg
n/images718.jpg
n/images717.jpg
n/images716.jpg
n/images715.jpg
n/images714.jpg
n/images713.jpg
n/images712.jpg
n/images711.jpg
n/images710.jpg
n/images71.jpg
n/images709.jpg
n/images708.jpg
n/images707.jpg
n/images706.jpg
n/images705.jpg
n/images704.jpg
n/images703.jpg
n/images702.jpg
n/images701.jpg
n/images700.jpg
n/images70.jpg
n/images7.jpg
n/images699.jpg
n/images698.jpg
n/images697.jpg
n/images696.jpg
n/images695.jpg
n/images694.jpg
n/images693.jpg
n/images692.jpg
n/images691.jpg
n/images690.jpg
n/images69.jpg
n/images689.jpg
n/images688.jpg
n/images687.jpg
n/images686.jpg
n/images685.jpg
n/images684.jpg
n/images683.jpg
n/images682.jpg
n/images681.jpg
n/images680.jpg
n/images68.jpg
n/images679.jpg
n/images678.jpg
n/images677.jpg
n/images676.jpg
n/images675.jpg
n/images674.jpg
n/images673.jpg
n/images672.jpg
n/images671.jpg
n/images670.jpg
n/images67.jpg
n/images669.jpg
n/images668.jpg
n/images667.jpg
n/images666.jpg
n/images665.jpg
n/images664.jpg
n/images663.jpg
n/images662.jpg
n/images661.jpg
n/images660.jpg
n/images66.jpg
n/images659.jpg
n/images658.jpg
n/images657.jpg
n/images656.jpg
n/images655.jpg
n/images654.jpg
n/images653.jpg
n/images652.jpg
n/images651.jpg
n/images650.jpg
n/images65.jpg
n/images649.jpg
n/images648.jpg
n/images647.jpg
n/images646.jpg
n/images645.jpg
n/images644.jpg
n/images643.jpg
n/images642.jpg
n/images641.jpg
n/images640.jpg
n/images64.jpg
n/images639.jpg
n/images638.jpg
n/images637.jpg
n/images636.jpg
n/images635.jpg
n/images634.jpg
n/images633.jpg
n/images632.jpg
n/images631.jpg
n/images630.jpg
n/images63.jpg
n/images629.jpg
n/images628.jpg
n/images627.jpg
n/images626.jpg
n/images625.jpg
n/images624.jpg
n/images623.jpg
n/images622.jpg
n/images621.jpg
n/images620.jpg
n/images62.jpg
n/images619.jpg
n/images618.jpg
n/images617.jpg
n/images616.jpg
n/images615.jpg
n/images614.jpg
n/images613.jpg
n/images612.jpg
n/images611.jpg
n/images610.jpg
n/images61.jpg
n/images609.jpg
n/images608.jpg
n/images607.jpg
n/images606.jpg
n/images605.jpg
n/images604.jpg
n/images603.jpg
n/images602.jpg
n/images601.jpg
n/images600.jpg
n/images60.jpg
n/images6.jpg
n/images599.jpg
n/images598.jpg
n/images597.jpg
n/images596.jpg
n/images595.jpg
n/images594.jpg
n/images593.jpg
n/images592.jpg
n/images591.jpg
n/images590.jpg
n/images59.jpg
n/images589.jpg
n/images588.jpg
n/images587.jpg
n/images586.jpg
n/images585.jpg
n/images584.jpg
n/images583.jpg
n/images582.jpg
n/images581.jpg
n/images580.jpg
n/images58.jpg
n/images579.jpg
n/images578.jpg
n/images577.jpg
n/images576.jpg
n/images575.jpg
n/images574.jpg
n/images573.jpg
n/images572.jpg
n/images571.jpg
n/images570.jpg
n/images57.jpg
n/images569.jpg
n/images568.jpg
n/images567.jpg
n/images566.jpg
n/images565.jpg
n/images564.jpg
n/images563.jpg
n/images562.jpg
n/images561.jpg
n/images560.jpg
n/images56.jpg
n/images559.jpg
n/images558.jpg
n/images557.jpg
n/images556.jpg
n/images555.jpg
n/images554.jpg
n/images553.jpg
n/images552.jpg
n/images551.jpg
n/images550.jpg
n/images55.jpg
n/images549.jpg
n/images548.jpg
n/images547.jpg
n/images546.jpg
n/images545.jpg
n/images544.jpg
n/images543.jpg
n/images542.jpg
n/images541.jpg
n/images540.jpg
n/images54.jpg
n/images539.jpg
n/images538.jpg
n/images537.jpg
n/images536.jpg
n/images535.jpg
n/images534.jpg
n/images533.jpg
n/images532.jpg
n/images531.jpg
n/images530.jpg
n/images53.jpg
n/images529.jpg
n/images528.jpg
n/images527.jpg
n/images526.jpg
n/images525.jpg
n/images524.jpg
n/images523.jpg
n/images522.jpg
n/images521.jpg
n/images520.jpg
n/images52.jpg
n/images519.jpg
n/images518.jpg
n/images517.jpg
n/images516.jpg
n/images515.jpg
n/images514.jpg
n/images513.jpg
n/images512.jpg
n/images511.jpg
n/images510.jpg
n/images51.jpg
n/images509.jpg
n/images508.jpg
n/images507.jpg
n/images506.jpg
n/images505.jpg
n/images504.jpg
n/images503.jpg
n/images502.jpg
n/images501.jpg
n/images500.jpg
n/images50.jpg
n/images5.jpg
n/images499.jpg
n/images498.jpg
n/images497.jpg
n/images496.jpg
n/images495.jpg
n/images494.jpg
n/images493.jpg
n/images492.jpg
n/images491.jpg
n/images490.jpg
n/images49.jpg
n/images489.jpg
n/images488.jpg
n/images487.jpg
n/images486.jpg
n/images485.jpg
n/images484.jpg
n/images483.jpg
n/images482.jpg
n/images481.jpg
n/images480.jpg
n/images48.jpg
n/images479.jpg
n/images478.jpg
n/images477.jpg
n/images476.jpg
n/images475.jpg
n/images474.jpg
n/images473.jpg
n/images472.jpg
n/images471.jpg
n/images470.jpg
n/images47.jpg
n/images469.jpg
n/images468.jpg
n/images467.jpg
n/images466.jpg
n/images465.jpg
n/images464.jpg
n/images463.jpg
n/images462.jpg
n/images461.jpg
n/images460.jpg
n/images46.jpg
n/images459.jpg
n/images458.jpg
n/images457.jpg
n/images456.jpg
n/images455.jpg
n/images454.jpg
n/images453.jpg
n/images452.jpg
n/images451.jpg
n/images450.jpg
n/images45.jpg
n/images449.jpg
n/images448.jpg
n/images447.jpg
n/images446.jpg
n/images445.jpg
n/images444.jpg
n/images443.jpg
n/images442.jpg
n/images441.jpg
n/images440.jpg
n/images44.jpg
n/images439.jpg
n/images438.jpg
n/images437.jpg
n/images436.jpg
n/images435.jpg
n/images434.jpg
n/images433.jpg
n/images432.jpg
n/images431.jpg
n/images430.jpg
n/images43.jpg
n/images429.jpg
n/images428.jpg
n/images427.jpg
n/images426.jpg
n/images425.jpg
n/images424.jpg
n/images423.jpg
n/images422.jpg
n/images421.jpg
n/images420.jpg
n/images42.jpg
n/images419.jpg
n/images418.jpg
n/images417.jpg
n/images416.jpg
n/images415.jpg
n/images414.jpg
n/images413.jpg
n/images412.jpg
n/images411.jpg
n/images410.jpg
n/images41.jpg
n/images409.jpg
n/images408.jpg
n/images407.jpg
n/images406.jpg
n/images405.jpg
n/images404.jpg
n/images403.jpg
n/images402.jpg
n/images401.jpg
n/images400.jpg
n/images40.jpg
n/images4.jpg
n/images399.jpg
n/images398.jpg
n/images397.jpg
n/images396.jpg
n/images395.jpg
n/images394.jpg
n/images393.jpg
n/images392.jpg
n/images391.jpg
n/images390.jpg
n/images39.jpg
n/images389.jpg
n/images388.jpg
n/images387.jpg
n/images386.jpg
n/images385.jpg
n/images384.jpg
n/images383.jpg
n/images382.jpg
n/images381.jpg
n/images380.jpg
n/images38.jpg
n/images379.jpg
n/images378.jpg
n/images377.jpg
n/images376.jpg
n/images375.jpg
n/images374.jpg
n/images373.jpg
n/images372.jpg
n/images371.jpg
n/images370.jpg
n/images37.jpg
n/images369.jpg
n/images368.jpg
n/images367.jpg
n/images366.jpg
n/images365.jpg
n/images364.jpg
n/images363.jpg
n/images362.jpg
n/images361.jpg
n/images360.jpg
n/images36.jpg
n/images359.jpg
n/images358.jpg
n/images357.jpg
n/images356.jpg
n/images355.jpg
n/images354.jpg
n/images353.jpg
n/images352.jpg
n/images351.jpg
n/images350.jpg
n/images35.jpg
n/images349.jpg
n/images348.jpg
n/images347.jpg
n/images346.jpg
n/images345.jpg
n/images344.jpg
n/images343.jpg
n/images342.jpg
n/images341.jpg
n/images340.jpg
n/images34.jpg
n/images339.jpg
n/images338.jpg
n/images337.jpg
n/images336.jpg
n/images335.jpg
n/images334.jpg
n/images333.jpg
n/images332.jpg
n/images331.jpg
n/images330.jpg
n/images33.jpg
n/images329.jpg
n/images328.jpg
n/images327.jpg
n/images326.jpg
n/images325.jpg
n/images324.jpg
n/images323.jpg
n/images322.jpg
n/images321.jpg
n/images320.jpg
n/images32.jpg
n/images319.jpg
n/images318.jpg
n/images317.jpg
n/images316.jpg
n/images315.jpg
n/images314.jpg
n/images313.jpg
n/images312.jpg
n/images311.jpg
n/images310.jpg
n/images31.jpg
n/images309.jpg
n/images308.jpg
n/images307.jpg
n/images306.jpg
n/images305.jpg
n/images304.jpg
n/images303.jpg
n/images302.jpg
n/images301.jpg
n/images300.jpg
n/images30.jpg
n/images3.jpg
n/images299.jpg
n/images298.jpg
n/images297.jpg
n/images296.jpg
n/images295.jpg
n/images294.jpg
n/images293.jpg
n/images292.jpg
n/images291.jpg
n/images290.jpg
n/images29.jpg
n/images289.jpg
n/images288.jpg
n/images287.jpg
n/images286.jpg
n/images285.jpg
n/images284.jpg
n/images283.jpg
n/images282.jpg
n/images281.jpg
n/images280.jpg
n/images28.jpg
n/images279.jpg
n/images278.jpg
n/images277.jpg
n/images276.jpg
n/images275.jpg
n/images274.jpg
n/images273.jpg
n/images272.jpg
n/images271.jpg
n/images270.jpg
n/images27.jpg
n/images269.jpg
n/images268.jpg
n/images267.jpg
n/images266.jpg
n/images265.jpg
n/images264.jpg
n/images263.jpg
n/images262.jpg
n/images261.jpg
n/images260.jpg
n/images26.jpg
n/images259.jpg
n/images258.jpg
n/images257.jpg
n/images256.jpg
n/images255.jpg
n/images254.jpg
n/images253.jpg
n/images252.jpg
n/images251.jpg
n/images250.jpg
n/images25.jpg
n/images249.jpg
n/images248.jpg
n/images247.jpg
n/images246.jpg
n/images245.jpg
n/images244.jpg
n/images243.jpg
n/images242.jpg
n/images241.jpg
n/images240.jpg
n/images24.jpg
n/images239.jpg
n/images238.jpg
n/images237.jpg
n/images236.jpg
n/images235.jpg
n/images234.jpg
n/images233.jpg
n/images232.jpg
n/images231.jpg
n/images230.jpg
n/images23.jpg
n/images229.jpg
n/images228.jpg
n/images227.jpg
n/images226.jpg
n/images225.jpg
n/images224.jpg
n/images223.jpg
n/images222.jpg
n/images221.jpg
n/images220.jpg
n/images22.jpg
n/images219.jpg
n/images218.jpg
n/images217.jpg
n/images216.jpg
n/images215.jpg
n/images214.jpg
n/images213.jpg
n/images212.jpg
n/images211.jpg
n/images210.jpg
n/images21.jpg
n/images209.jpg
n/images208.jpg
n/images207.jpg
n/images206.jpg
n/images205.jpg
n/images204.jpg
n/images203.jpg
n/images202.jpg
n/images201.jpg
n/images200.jpg
n/images20.jpg
n/images2.jpg
n/images199.jpg
n/images198.jpg
n/images197.jpg
n/images196.jpg
n/images195.jpg
n/images194.jpg
n/images193.jpg
n/images192.jpg
n/images191.jpg
n/images190.jpg
n/images19.jpg
n/images189.jpg
n/images188.jpg
n/images187.jpg
n/images186.jpg
n/images185.jpg
n/images184.jpg
n/images183.jpg
n/images182.jpg
n/images181.jpg
n/images180.jpg
n/images18.jpg
n/images179.jpg
n/images178.jpg
n/images177.jpg
n/images176.jpg
n/images175.jpg
n/images174.jpg
n/images173.jpg
n/images172.jpg
n/images171.jpg
n/images170.jpg
n/images17.jpg
n/images169.jpg
n/images168.jpg
n/images167.jpg
n/images166.jpg
n/images165.jpg
n/images164.jpg
n/images163.jpg
n/images162.jpg
n/images161.jpg
n/images160.jpg
n/images16.jpg
n/images159.jpg
n/images158.jpg
n/images157.jpg
n/images156.jpg
n/images155.jpg
n/images154.jpg
n/images153.jpg
n/images152.jpg
n/images151.jpg
n/images150.jpg
n/images15.jpg
n/images149.jpg
n/images148.jpg
n/images147.jpg
n/images146.jpg
n/images145.jpg
n/images144.jpg
n/images143.jpg
n/images142.jpg
n/images141.jpg
n/images140.jpg
n/images14.jpg
n/images139.jpg
n/images138.jpg
n/images137.jpg
n/images136.jpg
n/images135.jpg
n/images134.jpg
n/images133.jpg
n/images132.jpg
n/images131.jpg
n/images130.jpg
n/images13.jpg
n/images129.jpg
n/images128.jpg
n/images127.jpg
n/images126.jpg
n/images125.jpg
n/images124.jpg
n/images123.jpg
n/images122.jpg
n/images121.jpg
n/images120.jpg
n/images12.jpg
n/images119.jpg
n/images118.jpg
n/images117.jpg
n/images116.jpg
n/images115.jpg
n/images114.jpg
n/images113.jpg
n/images112.jpg
n/images111.jpg
n/images110.jpg
n/images11.jpg
n/images109.jpg
n/images108.jpg
n/images107.jpg
n/images106.jpg
n/images105.jpg
n/images104.jpg
n/images103.jpg
n/images102.jpg
n/images101.jpg
n/images100.jpg
n/images10.jpg
n/images1.jpg
n/images0.jpg
n/images.jpg
n/image9.jpeg
n/image8.jpeg
n/image7.jpeg
n/image6.jpeg
n/image5.jpeg
n/image4.jpeg
n/image37.jpeg
n/image36.jpeg
n/image35.jpeg
n/image34.jpeg
n/image33.jpeg
n/image32.jpeg
n/image31.jpeg
n/image30.jpeg
n/image3.jpeg
n/image29.jpeg
n/image28.jpeg
n/image27.jpeg
n/image26.jpeg
n/image25.jpeg
n/image24.jpeg
n/image23.jpeg
n/image22.jpeg
n/image21.jpeg
n/image20.jpeg
n/image2.jpeg
n/image19.jpeg
n/image18.jpeg
n/image17.jpeg
n/image16.jpeg
n/image15.jpeg
n/image14.jpeg
n/image12.jpeg
n/image11.jpeg
n/image10.jpeg
n/image1.jpeg
n/image0.jpeg
n/image.jpeg
n/HQ_floor_1200.jpg
n/hqdefault2.jpg
n/hqdefault1.jpg
n/hqdefault0.jpg
n/hqdefault.jpg
n/how-to-make-a-youtube-video.jpg
n/How-to-Become-a-Better-Person-in-12-Steps_1200x628-facebook.jpg
n/home20office20under20the20stairs.jpg
n/home-office-usb-ideas.jpg
n/home-office-shelving.1.jpg
n/home-office-setup.jpg
n/home-office-setup-design-furniture-wall_office-decoration-701x451.jpg
n/home-office-setup-1024x684.jpg
n/home-office-lighting5.jpg
n/home-office-lighting4.jpg
n/home-office-lighting3.jpg
n/home-office-lighting2.jpg
n/home-office-lighting1.jpg
n/Home-Office-Ideas.png
n/Home-office-design-idea-with-sleek-wooden-surfaces-and-minimalistic-overtones-870x520.jpg
n/Home-Office-DC3A9cor-Ideas-How-To-Design-A-Workspace-At-Home-02.jpg
n/home-office-13.jpg
n/home-office-12.jpg
n/home-office-06.jpg
n/home-office-01.jpg
n/home-hero.jpg
n/High_resolution_wallpaper_background_ID_77701459647.jpg
n/heyyyy.png
n/hbx110119wholehome-006-copy-1575555908.jpg
n/hbx030120bobbyberk-003-copy-1580745699.jpg
n/happy-person-11545688398rslqmyfw4g.png
n/Green-Screen-studio-set-up-for-marketing-videos-e1496868251799-768x576.jpg
n/getty_1011792700_386368.jpg
n/gettyimages-917046266-e1596459208618.jpg
n/GettyImages-911518004.jpg
n/GettyImages-1199257161.jpg
n/galenafoundation026750xx4611-2594-0-238.jpg
n/fstoppers_youtube_lighting_setup_lead_1.jpg
n/frustrated-2681484_960_720.jpg
n/free-zoom-backgrounds.jpg
n/freaks-lamotte-beuvron019-copiright-david-foessel.jpg
n/footprint-architects-lush-office-refurbishment-greenhouse-1.jpg
n/first-second-third-person-grammar-.jpg
n/eebc3c6598d4a0c8b9d352513d28b810.jpg
n/ed0tvp3e0mp41.jpg
n/e8d90017-3451-40a4-a668-901221acbb76.png
n/Dynamic-Flex-1.jpg
n/DSCN1210-e1500979380781.jpg
n/DSC08452Top_5_Best_Lighting_Equipment_For_YouTube_Videos__copy.jpg
n/DropboxSydney_Gensler_101.jpg
n/DJsZHr8WAAADb7Z.jpg
n/diseC3B1o-de-oficinas-stone-designs-madrid.jpg
n/df501487-1798-4c77-b72b-5557b53d8ab5-jayne_michaels.jpg
n/DeskSetupSide.jpg
n/data2.jpg
n/d1a41dc74a76a1d2cd29b7d11742280c.png
n/d0dd6aec46b86ae1abe8cafe61b60cf5.jpg
n/d-office-workplace-skyline-background-setup-57305826.jpg
n/d-office-workplace-skyline-background-setup-57305727.jpg
n/d-office-workplace-skyline-background-setup-57260734.jpg
n/creative-office-co-working-center-university-campus-modern-workplace_48369-11863.jpg
n/cq5dam.web.1280.1280.jpeg
n/Cover-Photo-for-YouTubers-1080x675.jpg
n/Corporate-Office-Design-Ideas.jpg
n/Copy-of-Wood-Partners-4-1.png
n/contemporary-office-library-aparicio-associates-new-york-city-201104-2_1000-watermarked.jpg
n/contemporary-office-design-nature-plant-wall.jpg
n/conference-room-boardroom-business-setup.jpg
n/colourful-office-design-masquespacio-02-copia.jpg
n/Choosing_Your_Background.jpg
n/choosing-right-office-furniture-fit-outs.jpg
n/Centro-offices-Office-Snapshots-.jpg
n/CBT_Bridgespan_02_1000px.jpg
n/canstockphoto8481442-144x144-3_37-664_664.jpg
n/canopy-co-working-yves-behar-office-interior-design-2018-roundup-_dezeen_1704_ss_2.jpg
n/c81317b8-b867-4aec-a804-02fc3fa10bc2-shutterstock-1031148421.jpg
n/c74c1e7f5d132ef778ff5a39f6606bd4.jpg
n/c2fad32cc8e73fbbf419529f5f944c56.png
n/brand-4548-how-to-create-your-ideal-work-from-home-setup-scaled.jpg
n/Bold-office-Design-5.jpg
n/blurred-business-workplace-background_23-2148187123.jpg
n/billgates.jpg
n/best-lighting-for-youtube.jpg
n/best-home-office-setup-minimalist-productive-plan-luxe-digital.jpg
n/being-a-good-person.jpg
n/AP_19345327608569.jpg
n/animal-advocacy-efforts.jpg
n/ang-lee-gettyimages-163118045.jpg
n/allthings.how-how-to-get-a-branded-virtual-background-with-your-company-logo-for-zoom-meetings-all-things-how-virtual-office-startup.png
n/ajw10164883-jpg.jpg
n/ADGmqu-bTeE1SOcZMZ2d4ApZC4Kqr6JsukP7ij0zGrY5s64-c-mo.jpg
n/abstract-blurred-technology-motion-interior-office-space-background-with-futuristic-technology-connection-shape_7191-384.jpg
n/A22E3776-3852-4D3E-8E5A72D1C2F1032A.jpg
n/a-contemporary-co-working-fit-out-with-a-meeting-pod-and-imitation-brick-wall-1500x927.jpg
n/965221_stephen-hacketts-sweet-mac-setup-the-sweet-setup_1400x1050_h.jpg
n/960x0.jpg
n/95634fa47068c861ef282833869a9fd2.jpg
n/920x920.jpg
n/885880-kiaraadvani-kabirsingh.jpg
n/7b7e89df5f03115650d5f89c9935a06d--talk-show-set-design-tv-set-design.jpg
n/773a2ff620ed16e0dee63f29e94d52f6.jpg
n/7432f4e4c023815472f89dfcd655b35a--stage-set-design-vlog-youtube.jpg
n/72415f8c-3e06-40fc-b5a6-32fd76c7b567-shutterstock-1270572721.jpg
n/711b63a6a2a0a7a52f86a47c1b48779c.jpg
n/7-best-home-office-setup-ideas-for-telecommuting-hero1583446006576710.jpg
n/7-1679_TIVO_Warsaw_LDN_AK_09-1_r6I7dES.jpg
n/6_Oneday_dentistry_share_office___Design_m4.jpg
n/6Dsgraw.jpg
n/68af4227c788d6a9fc409507efebc4c5--vlog-youtube-minimalist.jpg
n/65912553.jpg
n/6-steps-to-start-a-YouTube-gaming-channel.png
n/6-steps-to-becoming-a-YouTube-gamer.png
n/6-office-design-tips-in-2018-how-to-create-a-great-working-environment.jpg
n/5f0f8330ed65e.image.jpg
n/564c8abd2b9d9076d2a45bf0994cf96b.jpg
n/564c8abd2b9d9076d2a45bf0994cf96b--filming-room-room-decorations.jpg
n/538f9d3f663b53cf903fd18ad8d4241e.jpg
n/500_F_191348743_9m1wzpC0LZOBxwO0hGHVdcJBXpOz7FM6.jpg
n/5.-How-to-Design-Startup-Office-That-Enhance-Business-Success.jpg
n/5-1.jpg
n/487d22e05850c4387459af5cac60040c.jpg
n/479587.jpg
n/392925e150e44a4c1e39c4f2f1f6c753.jpg
n/390e5a5e-f807-465f-bb4c-d10efc0d1690-shutterstock-1242155278.jpg
n/326738_2200-732x549.jpg
n/31329262-person_of_interest_s5_ep3_new_Master.jpg
n/2_Screen-Shot-2019-10-20-at-215756JPG.jpg
n/2af5e7acf815576976dc33a4d8c1fc34.jpg
n/267fa456e6bdb13e424205318d32cf76.jpg
n/25webcams-09-superJumbo.jpg
n/25webcams-02-mobileMasterAt3x.jpg
n/233107497_WU.com_LP_US_Hero_Bill_Pay_640x500_1.jpg
n/20190502194704-ent19-june-editorsnote.jpeg
n/20181031205142-shutterstock-1031148421-crop.jpeg
n/20.jpg
n/1lTEHN86OS67Nf-3-jUM73w.jpeg
n/1jNAMqb_ED6aHDUMu_IggBQ.png
n/1gBQxShAkxBp_YPb14CN0Nw.jpeg
n/191211_gma_thunberg1_hpMain_16x9_992.jpg
n/190618-elizabeth_chuck-byline1144_169484dafbd53d224eabca191b89460f.jpg
n/180209-personofinterest.jpg
n/18-0109808.jpg
n/1725x810_27845.jpg
n/1560444802553.jpeg
n/15254311243821MydZibmEv0Q_L.jpg
n/15-0006477.jpg
n/144014d05781d1fc35e8a8c6c840f9c3.jpg
n/13ideas1-1024x683.png
n/13ad4efebf5827a142e33678c77a1c19.jpg
n/1393482.jpg
n/1393445.jpg
n/1393228.jpg
n/13.-Top-Reasons-Why-Office-Design-Concept-and-DeCC81cor-Matters.jpg
n/1200px-Andrzej_Person_Kancelaria_Senatu.jpg
n/110603-studio-sven-portfolio-interiors-vignette-commercial-1552332061.jpg
n/106069136-1565284193572gettyimages-1142580869.jpeg
n/102cb139254b5423630a9dedac1a1e47.jpg
n/1000px_Gensler_HyattHQ_1698.jpg
n/1.jpg
n/0d00e076e2677db0036d757f409bdd90--bridal-show-booths-bridal-show-booth-design.jpg
n/0c7b981becae71b4403ee52ff6b0ae16.jpg
n/0b7f4e9b-f59c-4024-9f06-b3dc12850ab7-1920-1080.jpg
n/0af280883fe3191a8a8a40e6fa0095cb--sparkles-background-glitter-balloons.jpg
n/08.jpg
n/06f943f79f86f5aa3f222d0029143746.jpg
n/04_Banner02.png
n/012_20170405_RDPR_SocialChain-1200x480.jpg
n/01-youtube-banner.jpg